============================= test session starts ==============================
platform darwin -- Python 3.11.12, pytest-8.3.5, pluggy-1.5.0
rootdir: /Users/adebisijoseph/Documents/pythonprojects/memduo-remake
configfile: pytest.ini
plugins: anyio-4.9.0, langsmith-0.3.42, hydra-core-1.3.2, asyncio-1.0.0
asyncio: mode=Mode.STRICT, asyncio_default_fixture_loop_scope=None, asyncio_default_test_loop_scope=function
collected 41 items

graphiti_extend/tests/test_default_values.py ......                      [ 14%]
graphiti_extend/tests/test_example.py ..........                         [ 39%]
graphiti_extend/tests/test_node_operations.py .........                  [ 60%]
graphiti_extend/tests/test_salience_system.py ................           [100%]

============================== 41 passed in 1.00s ==============================
